[0;40;37m
Coming up...

  artist:    mattmatthew
  abrv:[6C2m
  name:[6CMatthew Yee

  instagram: mattmatthew67
  twitter:   @mattmatthew67
  society6:  https://society6.com/mattmatthew
  site:[6Cmattmatthew.com

  location:  Hawaii, USA

  Visit 2m's society6 site for some amazing textmode loot.
